Archive member included because of file (symbol)

c:/users/dell g3/desktop/amit/apps/sdk_win_64/sdk_win_64/winavr/bin/../lib/gcc/avr/4.3.3/avr5\libgcc.a(_mulsi3.o)
                              ./MCAL/Timer/Timer_Prog.o (__mulsi3)
c:/users/dell g3/desktop/amit/apps/sdk_win_64/sdk_win_64/winavr/bin/../lib/gcc/avr/4.3.3/avr5\libgcc.a(_udivmodqi4.o)
                              ./MCAL/DIO/DIO_Prog.o (__udivmodqi4)
c:/users/dell g3/desktop/amit/apps/sdk_win_64/sdk_win_64/winavr/bin/../lib/gcc/avr/4.3.3/avr5\libgcc.a(_udivmodsi4.o)
                              ./MCAL/UART/UART_Prog.o (__udivmodsi4)
c:/users/dell g3/desktop/amit/apps/sdk_win_64/sdk_win_64/winavr/bin/../lib/gcc/avr/4.3.3/avr5\libgcc.a(_divmodsi4.o)
                              ./MCAL/Timer/Timer_Prog.o (__divmodsi4)
c:/users/dell g3/desktop/amit/apps/sdk_win_64/sdk_win_64/winavr/bin/../lib/gcc/avr/4.3.3/avr5\libgcc.a(_exit.o)
                              c:/users/dell g3/desktop/amit/apps/sdk_win_64/sdk_win_64/winavr/bin/../lib/gcc/avr/4.3.3/../../../../avr/lib/avr5/crtm32.o (exit)
c:/users/dell g3/desktop/amit/apps/sdk_win_64/sdk_win_64/winavr/bin/../lib/gcc/avr/4.3.3/avr5\libgcc.a(_clear_bss.o)
                              ./MCAL/Timer/Timer_Prog.o (__do_clear_bss)
c:/users/dell g3/desktop/amit/apps/sdk_win_64/sdk_win_64/winavr/bin/../lib/gcc/avr/4.3.3/avr5\libgcc.a(_fixunssfsi.o)
                              ./MCAL/Timer/Timer_Prog.o (__fixunssfsi)
c:/users/dell g3/desktop/amit/apps/sdk_win_64/sdk_win_64/winavr/bin/../lib/gcc/avr/4.3.3/avr5\libgcc.a(_addsub_sf.o)
                              ./MCAL/Timer/Timer_Prog.o (__subsf3)
c:/users/dell g3/desktop/amit/apps/sdk_win_64/sdk_win_64/winavr/bin/../lib/gcc/avr/4.3.3/avr5\libgcc.a(_mul_sf.o)
                              ./MCAL/Timer/Timer_Prog.o (__mulsf3)
c:/users/dell g3/desktop/amit/apps/sdk_win_64/sdk_win_64/winavr/bin/../lib/gcc/avr/4.3.3/avr5\libgcc.a(_div_sf.o)
                              ./MCAL/Timer/Timer_Prog.o (__divsf3)
c:/users/dell g3/desktop/amit/apps/sdk_win_64/sdk_win_64/winavr/bin/../lib/gcc/avr/4.3.3/avr5\libgcc.a(_eq_sf.o)
                              ./MCAL/Timer/Timer_Prog.o (__eqsf2)
c:/users/dell g3/desktop/amit/apps/sdk_win_64/sdk_win_64/winavr/bin/../lib/gcc/avr/4.3.3/avr5\libgcc.a(_ge_sf.o)
                              c:/users/dell g3/desktop/amit/apps/sdk_win_64/sdk_win_64/winavr/bin/../lib/gcc/avr/4.3.3/avr5\libgcc.a(_fixunssfsi.o) (__gesf2)
c:/users/dell g3/desktop/amit/apps/sdk_win_64/sdk_win_64/winavr/bin/../lib/gcc/avr/4.3.3/avr5\libgcc.a(_si_to_sf.o)
                              ./HAL/Servo/Servo_Prog.o (__floatsisf)
c:/users/dell g3/desktop/amit/apps/sdk_win_64/sdk_win_64/winavr/bin/../lib/gcc/avr/4.3.3/avr5\libgcc.a(_sf_to_si.o)
                              c:/users/dell g3/desktop/amit/apps/sdk_win_64/sdk_win_64/winavr/bin/../lib/gcc/avr/4.3.3/avr5\libgcc.a(_fixunssfsi.o) (__fixsfsi)
c:/users/dell g3/desktop/amit/apps/sdk_win_64/sdk_win_64/winavr/bin/../lib/gcc/avr/4.3.3/avr5\libgcc.a(_thenan_sf.o)
                              c:/users/dell g3/desktop/amit/apps/sdk_win_64/sdk_win_64/winavr/bin/../lib/gcc/avr/4.3.3/avr5\libgcc.a(_addsub_sf.o) (__thenan_sf)
c:/users/dell g3/desktop/amit/apps/sdk_win_64/sdk_win_64/winavr/bin/../lib/gcc/avr/4.3.3/avr5\libgcc.a(_usi_to_sf.o)
                              ./MCAL/Timer/Timer_Prog.o (__floatunsisf)
c:/users/dell g3/desktop/amit/apps/sdk_win_64/sdk_win_64/winavr/bin/../lib/gcc/avr/4.3.3/avr5\libgcc.a(_prologue.o)
                              c:/users/dell g3/desktop/amit/apps/sdk_win_64/sdk_win_64/winavr/bin/../lib/gcc/avr/4.3.3/avr5\libgcc.a(_addsub_sf.o) (__prologue_saves__)
c:/users/dell g3/desktop/amit/apps/sdk_win_64/sdk_win_64/winavr/bin/../lib/gcc/avr/4.3.3/avr5\libgcc.a(_epilogue.o)
                              c:/users/dell g3/desktop/amit/apps/sdk_win_64/sdk_win_64/winavr/bin/../lib/gcc/avr/4.3.3/avr5\libgcc.a(_addsub_sf.o) (__epilogue_restores__)
c:/users/dell g3/desktop/amit/apps/sdk_win_64/sdk_win_64/winavr/bin/../lib/gcc/avr/4.3.3/avr5\libgcc.a(_copy_data.o)
                              c:/users/dell g3/desktop/amit/apps/sdk_win_64/sdk_win_64/winavr/bin/../lib/gcc/avr/4.3.3/avr5\libgcc.a(_thenan_sf.o) (__do_copy_data)
c:/users/dell g3/desktop/amit/apps/sdk_win_64/sdk_win_64/winavr/bin/../lib/gcc/avr/4.3.3/avr5\libgcc.a(_clzsi2.o)
                              c:/users/dell g3/desktop/amit/apps/sdk_win_64/sdk_win_64/winavr/bin/../lib/gcc/avr/4.3.3/avr5\libgcc.a(_si_to_sf.o) (__clzsi2)
c:/users/dell g3/desktop/amit/apps/sdk_win_64/sdk_win_64/winavr/bin/../lib/gcc/avr/4.3.3/avr5\libgcc.a(_pack_sf.o)
                              c:/users/dell g3/desktop/amit/apps/sdk_win_64/sdk_win_64/winavr/bin/../lib/gcc/avr/4.3.3/avr5\libgcc.a(_addsub_sf.o) (__pack_f)
c:/users/dell g3/desktop/amit/apps/sdk_win_64/sdk_win_64/winavr/bin/../lib/gcc/avr/4.3.3/avr5\libgcc.a(_unpack_sf.o)
                              c:/users/dell g3/desktop/amit/apps/sdk_win_64/sdk_win_64/winavr/bin/../lib/gcc/avr/4.3.3/avr5\libgcc.a(_addsub_sf.o) (__unpack_f)
c:/users/dell g3/desktop/amit/apps/sdk_win_64/sdk_win_64/winavr/bin/../lib/gcc/avr/4.3.3/avr5\libgcc.a(_fpcmp_parts_sf.o)
                              c:/users/dell g3/desktop/amit/apps/sdk_win_64/sdk_win_64/winavr/bin/../lib/gcc/avr/4.3.3/avr5\libgcc.a(_eq_sf.o) (__fpcmp_parts_f)
c:/users/dell g3/desktop/amit/apps/sdk_win_64/sdk_win_64/winavr/bin/../lib/gcc/avr/4.3.3/avr5\libgcc.a(_clz.o)
                              c:/users/dell g3/desktop/amit/apps/sdk_win_64/sdk_win_64/winavr/bin/../lib/gcc/avr/4.3.3/avr5\libgcc.a(_clzsi2.o) (__clz_tab)

Allocating common symbols
Common symbol       size              file

Timer2_CallBack     0x2               ./MCAL/Timer/Timer_Prog.o
Timer1_CallBack     0x2               ./MCAL/Timer/Timer_Prog.o
Timer0_CallBack     0x2               ./MCAL/Timer/Timer_Prog.o

Memory Configuration

Name             Origin             Length             Attributes
text             0x00000000         0x00020000         xr
data             0x00800060         0x0000ffa0         rw !x
eeprom           0x00810000         0x00010000         rw !x
fuse             0x00820000         0x00000400         rw !x
lock             0x00830000         0x00000400         rw !x
signature        0x00840000         0x00000400         rw !x
*default*        0x00000000         0xffffffff

Linker script and memory map

LOAD c:/users/dell g3/desktop/amit/apps/sdk_win_64/sdk_win_64/winavr/bin/../lib/gcc/avr/4.3.3/../../../../avr/lib/avr5/crtm32.o
LOAD ./MCAL/UART/UART_Prog.o
LOAD ./MCAL/Timer/Timer_Prog.o
LOAD ./MCAL/GIE/GIE_Prog.o
LOAD ./MCAL/DIO/DIO_Prog.o
LOAD ./MCAL/ADC/ADC_Prog.o
LOAD ./HAL/Servo/Servo_Prog.o
LOAD ./HAL/LCD/LCD_Prog.o
LOAD ./HAL/Flex_Sensor/Flex_Sensor_Prog.o
LOAD ./HAL/DCMotor/DCMotor_Prog.o
LOAD ./HAL/Buzzer/Buzzer_Prog.o
LOAD ./APP/Projects/Projects.o
LOAD ./APP/main.o
LOAD c:/users/dell g3/desktop/amit/apps/sdk_win_64/sdk_win_64/winavr/bin/../lib/gcc/avr/4.3.3/avr5\libgcc.a
LOAD c:/users/dell g3/desktop/amit/apps/sdk_win_64/sdk_win_64/winavr/bin/../lib/gcc/avr/4.3.3/../../../../avr/lib/avr5\libc.a
LOAD c:/users/dell g3/desktop/amit/apps/sdk_win_64/sdk_win_64/winavr/bin/../lib/gcc/avr/4.3.3/avr5\libgcc.a

.hash
 *(.hash)

.dynsym
 *(.dynsym)

.dynstr
 *(.dynstr)

.gnu.version
 *(.gnu.version)

.gnu.version_d
 *(.gnu.version_d)

.gnu.version_r
 *(.gnu.version_r)

.rel.init
 *(.rel.init)

.rela.init
 *(.rela.init)

.rel.text
 *(.rel.text)
 *(.rel.text.*)
 *(.rel.gnu.linkonce.t*)

.rela.text
 *(.rela.text)
 *(.rela.text.*)
 *(.rela.gnu.linkonce.t*)

.rel.fini
 *(.rel.fini)

.rela.fini
 *(.rela.fini)

.rel.rodata
 *(.rel.rodata)
 *(.rel.rodata.*)
 *(.rel.gnu.linkonce.r*)

.rela.rodata
 *(.rela.rodata)
 *(.rela.rodata.*)
 *(.rela.gnu.linkonce.r*)

.rel.data
 *(.rel.data)
 *(.rel.data.*)
 *(.rel.gnu.linkonce.d*)

.rela.data
 *(.rela.data)
 *(.rela.data.*)
 *(.rela.gnu.linkonce.d*)

.rel.ctors
 *(.rel.ctors)

.rela.ctors
 *(.rela.ctors)

.rel.dtors
 *(.rel.dtors)

.rela.dtors
 *(.rela.dtors)

.rel.got
 *(.rel.got)

.rela.got
 *(.rela.got)

.rel.bss
 *(.rel.bss)

.rela.bss
 *(.rela.bss)

.rel.plt
 *(.rel.plt)

.rela.plt
 *(.rela.plt)

.text           0x00000000     0x1f08
 *(.vectors)
 .vectors       0x00000000       0x54 c:/users/dell g3/desktop/amit/apps/sdk_win_64/sdk_win_64/winavr/bin/../lib/gcc/avr/4.3.3/../../../../avr/lib/avr5/crtm32.o
                0x00000000                __vectors
                0x00000000                __vector_default
 *(.vectors)
 *(.progmem.gcc*)
 *(.progmem*)
                0x00000054                . = ALIGN (0x2)
                0x00000054                __trampolines_start = .
 *(.trampolines)
 .trampolines   0x00000054        0x0 linker stubs
 *(.trampolines*)
                0x00000054                __trampolines_end = .
 *(.jumptables)
 *(.jumptables*)
 *(.lowtext)
 *(.lowtext*)
                0x00000054                __ctors_start = .
 *(.ctors)
                0x00000054                __ctors_end = .
                0x00000054                __dtors_start = .
 *(.dtors)
                0x00000054                __dtors_end = .
 SORT(*)(.ctors)
 SORT(*)(.dtors)
 *(.init0)
 .init0         0x00000054        0x0 c:/users/dell g3/desktop/amit/apps/sdk_win_64/sdk_win_64/winavr/bin/../lib/gcc/avr/4.3.3/../../../../avr/lib/avr5/crtm32.o
                0x00000054                __init
 *(.init0)
 *(.init1)
 *(.init1)
 *(.init2)
 .init2         0x00000054        0xc c:/users/dell g3/desktop/amit/apps/sdk_win_64/sdk_win_64/winavr/bin/../lib/gcc/avr/4.3.3/../../../../avr/lib/avr5/crtm32.o
 *(.init2)
 *(.init3)
 *(.init3)
 *(.init4)
 .init4         0x00000060       0x10 c:/users/dell g3/desktop/amit/apps/sdk_win_64/sdk_win_64/winavr/bin/../lib/gcc/avr/4.3.3/avr5\libgcc.a(_clear_bss.o)
                0x00000060                __do_clear_bss
 .init4         0x00000070       0x16 c:/users/dell g3/desktop/amit/apps/sdk_win_64/sdk_win_64/winavr/bin/../lib/gcc/avr/4.3.3/avr5\libgcc.a(_copy_data.o)
                0x00000070                __do_copy_data
 *(.init4)
 *(.init5)
 *(.init5)
 *(.init6)
 *(.init6)
 *(.init7)
 *(.init7)
 *(.init8)
 *(.init8)
 *(.init9)
 .init9         0x00000086        0x8 c:/users/dell g3/desktop/amit/apps/sdk_win_64/sdk_win_64/winavr/bin/../lib/gcc/avr/4.3.3/../../../../avr/lib/avr5/crtm32.o
 *(.init9)
 *(.text)
 .text          0x0000008e        0x4 c:/users/dell g3/desktop/amit/apps/sdk_win_64/sdk_win_64/winavr/bin/../lib/gcc/avr/4.3.3/../../../../avr/lib/avr5/crtm32.o
                0x0000008e                __vector_1
                0x0000008e                __vector_12
                0x0000008e                __bad_interrupt
                0x0000008e                __vector_6
                0x0000008e                __vector_3
                0x0000008e                __vector_13
                0x0000008e                __vector_17
                0x0000008e                __vector_19
                0x0000008e                __vector_7
                0x0000008e                __vector_5
                0x0000008e                __vector_4
                0x0000008e                __vector_9
                0x0000008e                __vector_2
                0x0000008e                __vector_15
                0x0000008e                __vector_8
                0x0000008e                __vector_14
                0x0000008e                __vector_10
                0x0000008e                __vector_16
                0x0000008e                __vector_18
                0x0000008e                __vector_20
 .text          0x00000092        0x0 ./MCAL/UART/UART_Prog.o
 .text          0x00000092        0x0 ./MCAL/Timer/Timer_Prog.o
 .text          0x00000092        0x0 ./MCAL/GIE/GIE_Prog.o
 .text          0x00000092        0x0 ./MCAL/DIO/DIO_Prog.o
 .text          0x00000092        0x0 ./MCAL/ADC/ADC_Prog.o
 .text          0x00000092        0x0 ./HAL/Servo/Servo_Prog.o
 .text          0x00000092        0x0 ./HAL/LCD/LCD_Prog.o
 .text          0x00000092        0x0 ./HAL/Flex_Sensor/Flex_Sensor_Prog.o
 .text          0x00000092        0x0 ./HAL/DCMotor/DCMotor_Prog.o
 .text          0x00000092        0x0 ./HAL/Buzzer/Buzzer_Prog.o
 .text          0x00000092        0x0 ./APP/Projects/Projects.o
 .text          0x00000092        0x0 ./APP/main.o
 .text          0x00000092        0x0 c:/users/dell g3/desktop/amit/apps/sdk_win_64/sdk_win_64/winavr/bin/../lib/gcc/avr/4.3.3/avr5\libgcc.a(_mulsi3.o)
 .text          0x00000092        0x0 c:/users/dell g3/desktop/amit/apps/sdk_win_64/sdk_win_64/winavr/bin/../lib/gcc/avr/4.3.3/avr5\libgcc.a(_udivmodqi4.o)
 .text          0x00000092        0x0 c:/users/dell g3/desktop/amit/apps/sdk_win_64/sdk_win_64/winavr/bin/../lib/gcc/avr/4.3.3/avr5\libgcc.a(_udivmodsi4.o)
 .text          0x00000092        0x0 c:/users/dell g3/desktop/amit/apps/sdk_win_64/sdk_win_64/winavr/bin/../lib/gcc/avr/4.3.3/avr5\libgcc.a(_divmodsi4.o)
 .text          0x00000092        0x0 c:/users/dell g3/desktop/amit/apps/sdk_win_64/sdk_win_64/winavr/bin/../lib/gcc/avr/4.3.3/avr5\libgcc.a(_exit.o)
 .text          0x00000092        0x0 c:/users/dell g3/desktop/amit/apps/sdk_win_64/sdk_win_64/winavr/bin/../lib/gcc/avr/4.3.3/avr5\libgcc.a(_clear_bss.o)
 .text          0x00000092       0x58 c:/users/dell g3/desktop/amit/apps/sdk_win_64/sdk_win_64/winavr/bin/../lib/gcc/avr/4.3.3/avr5\libgcc.a(_fixunssfsi.o)
                0x00000092                __fixunssfsi
 .text          0x000000ea      0x354 c:/users/dell g3/desktop/amit/apps/sdk_win_64/sdk_win_64/winavr/bin/../lib/gcc/avr/4.3.3/avr5\libgcc.a(_addsub_sf.o)
                0x00000382                __subsf3
                0x000003e4                __addsf3
 .text          0x0000043e      0x1f4 c:/users/dell g3/desktop/amit/apps/sdk_win_64/sdk_win_64/winavr/bin/../lib/gcc/avr/4.3.3/avr5\libgcc.a(_mul_sf.o)
                0x0000043e                __mulsf3
 .text          0x00000632      0x158 c:/users/dell g3/desktop/amit/apps/sdk_win_64/sdk_win_64/winavr/bin/../lib/gcc/avr/4.3.3/avr5\libgcc.a(_div_sf.o)
                0x00000632                __divsf3
 .text          0x0000078a       0x60 c:/users/dell g3/desktop/amit/apps/sdk_win_64/sdk_win_64/winavr/bin/../lib/gcc/avr/4.3.3/avr5\libgcc.a(_eq_sf.o)
                0x0000078a                __eqsf2
 .text          0x000007ea       0x60 c:/users/dell g3/desktop/amit/apps/sdk_win_64/sdk_win_64/winavr/bin/../lib/gcc/avr/4.3.3/avr5\libgcc.a(_ge_sf.o)
                0x000007ea                __gesf2
 .text          0x0000084a       0xbc c:/users/dell g3/desktop/amit/apps/sdk_win_64/sdk_win_64/winavr/bin/../lib/gcc/avr/4.3.3/avr5\libgcc.a(_si_to_sf.o)
                0x0000084a                __floatsisf
 .text          0x00000906       0xa8 c:/users/dell g3/desktop/amit/apps/sdk_win_64/sdk_win_64/winavr/bin/../lib/gcc/avr/4.3.3/avr5\libgcc.a(_sf_to_si.o)
                0x00000906                __fixsfsi
 .text          0x000009ae        0x0 c:/users/dell g3/desktop/amit/apps/sdk_win_64/sdk_win_64/winavr/bin/../lib/gcc/avr/4.3.3/avr5\libgcc.a(_thenan_sf.o)
 .text          0x000009ae       0xf2 c:/users/dell g3/desktop/amit/apps/sdk_win_64/sdk_win_64/winavr/bin/../lib/gcc/avr/4.3.3/avr5\libgcc.a(_usi_to_sf.o)
                0x000009ae                __floatunsisf
 .text          0x00000aa0        0x0 c:/users/dell g3/desktop/amit/apps/sdk_win_64/sdk_win_64/winavr/bin/../lib/gcc/avr/4.3.3/avr5\libgcc.a(_prologue.o)
 .text          0x00000aa0        0x0 c:/users/dell g3/desktop/amit/apps/sdk_win_64/sdk_win_64/winavr/bin/../lib/gcc/avr/4.3.3/avr5\libgcc.a(_epilogue.o)
 .text          0x00000aa0        0x0 c:/users/dell g3/desktop/amit/apps/sdk_win_64/sdk_win_64/winavr/bin/../lib/gcc/avr/4.3.3/avr5\libgcc.a(_copy_data.o)
 .text          0x00000aa0       0x9e c:/users/dell g3/desktop/amit/apps/sdk_win_64/sdk_win_64/winavr/bin/../lib/gcc/avr/4.3.3/avr5\libgcc.a(_clzsi2.o)
                0x00000aa0                __clzsi2
 .text          0x00000b3e      0x1aa c:/users/dell g3/desktop/amit/apps/sdk_win_64/sdk_win_64/winavr/bin/../lib/gcc/avr/4.3.3/avr5\libgcc.a(_pack_sf.o)
                0x00000b3e                __pack_f
 .text          0x00000ce8       0xf0 c:/users/dell g3/desktop/amit/apps/sdk_win_64/sdk_win_64/winavr/bin/../lib/gcc/avr/4.3.3/avr5\libgcc.a(_unpack_sf.o)
                0x00000ce8                __unpack_f
 .text          0x00000dd8       0xb2 c:/users/dell g3/desktop/amit/apps/sdk_win_64/sdk_win_64/winavr/bin/../lib/gcc/avr/4.3.3/avr5\libgcc.a(_fpcmp_parts_sf.o)
                0x00000dd8                __fpcmp_parts_f
 .text          0x00000e8a        0x0 c:/users/dell g3/desktop/amit/apps/sdk_win_64/sdk_win_64/winavr/bin/../lib/gcc/avr/4.3.3/avr5\libgcc.a(_clz.o)
                0x00000e8a                . = ALIGN (0x2)
 *(.text.*)
 .text.M_UART_Void_UARTSetBaudRate
                0x00000e8a       0x36 ./MCAL/UART/UART_Prog.o
                0x00000e8a                M_UART_Void_UARTSetBaudRate
 .text.M_UART_Void_UARTSend
                0x00000ec0       0x2e ./MCAL/UART/UART_Prog.o
                0x00000ec0                M_UART_Void_UARTSend
 .text.M_UART_Void_UARTRec
                0x00000eee       0x2e ./MCAL/UART/UART_Prog.o
                0x00000eee                M_UART_Void_UARTRec
 .text.M_UART_Void_UARTInit
                0x00000f1c       0x2c ./MCAL/UART/UART_Prog.o
                0x00000f1c                M_UART_Void_UARTInit
 .text.M_Timer_Void_TimerInit
                0x00000f48       0x20 ./MCAL/Timer/Timer_Prog.o
                0x00000f48                M_Timer_Void_TimerInit
 .text.M_Timer_Void_TimerSetTime
                0x00000f68       0x62 ./MCAL/Timer/Timer_Prog.o
                0x00000f68                M_Timer_Void_TimerSetTime
 .text.M_Timer_Void_TimerStart
                0x00000fca       0x3a ./MCAL/Timer/Timer_Prog.o
                0x00000fca                M_Timer_Void_TimerStart
 .text.M_Timer_Void_TimerStop
                0x00001004       0x3a ./MCAL/Timer/Timer_Prog.o
                0x00001004                M_Timer_Void_TimerStop
 .text.M_Timer_Void_PWMSetDutyCycle
                0x0000103e       0x9e ./MCAL/Timer/Timer_Prog.o
                0x0000103e                M_Timer_Void_PWMSetDutyCycle
 .text.M_Timer_Void_PWMSetFreaquancy
                0x000010dc       0x1a ./MCAL/Timer/Timer_Prog.o
                0x000010dc                M_Timer_Void_PWMSetFreaquancy
 .text.M_Timer_Void_PWMStart
                0x000010f6        0x6 ./MCAL/Timer/Timer_Prog.o
                0x000010f6                M_Timer_Void_PWMStart
 .text.M_Timer_Void_PWMStop
                0x000010fc        0x6 ./MCAL/Timer/Timer_Prog.o
                0x000010fc                M_Timer_Void_PWMStop
 .text.M_Timer_Void_SetCallBack
                0x00001102       0x2c ./MCAL/Timer/Timer_Prog.o
                0x00001102                M_Timer_Void_SetCallBack
 .text.__vector_11
                0x0000112e       0xa6 ./MCAL/Timer/Timer_Prog.o
                0x0000112e                __vector_11
 .text.M_Timer_Void_PWMInit
                0x000011d4       0x66 ./MCAL/Timer/Timer_Prog.o
                0x000011d4                M_Timer_Void_PWMInit
 .text.M_GIE_Void_GlobalInterruptEnable
                0x0000123a        0xc ./MCAL/GIE/GIE_Prog.o
                0x0000123a                M_GIE_Void_GlobalInterruptEnable
 .text.M_GIE_Void_GlobalInterruptDisable
                0x00001246        0xc ./MCAL/GIE/GIE_Prog.o
                0x00001246                M_GIE_Void_GlobalInterruptDisable
 .text.M_DIO_Void_SetPinDirection
                0x00001252      0x12a ./MCAL/DIO/DIO_Prog.o
                0x00001252                M_DIO_Void_SetPinDirection
 .text.M_DIO_Void_SetPinValue
                0x0000137c      0x12a ./MCAL/DIO/DIO_Prog.o
                0x0000137c                M_DIO_Void_SetPinValue
 .text.M_DIO_Void_TogPin
                0x000014a6       0x90 ./MCAL/DIO/DIO_Prog.o
                0x000014a6                M_DIO_Void_TogPin
 .text.M_DIO_U8_GetPinValue
                0x00001536       0x72 ./MCAL/DIO/DIO_Prog.o
                0x00001536                M_DIO_U8_GetPinValue
 .text.M_DIO_Void_SetPinPullUpRes
                0x000015a8      0x12a ./MCAL/DIO/DIO_Prog.o
                0x000015a8                M_DIO_Void_SetPinPullUpRes
 .text.M_ADC_Void_ADCInit
                0x000016d2       0x3a ./MCAL/ADC/ADC_Prog.o
                0x000016d2                M_ADC_Void_ADCInit
 .text.M_ADC_U16_ADCRead
                0x0000170c       0xdc ./MCAL/ADC/ADC_Prog.o
                0x0000170c                M_ADC_U16_ADCRead
 .text.H_Servo_Void_ServoSetStop
                0x000017e8        0x8 ./HAL/Servo/Servo_Prog.o
                0x000017e8                H_Servo_Void_ServoSetStop
 .text.H_Servo_Void_ServoSetStart
                0x000017f0        0x8 ./HAL/Servo/Servo_Prog.o
                0x000017f0                H_Servo_Void_ServoSetStart
 .text.H_Servo_Void_ServoSetAngle
                0x000017f8       0x40 ./HAL/Servo/Servo_Prog.o
                0x000017f8                H_Servo_Void_ServoSetAngle
 .text.H_Servo_Void_ServoInit
                0x00001838        0xe ./HAL/Servo/Servo_Prog.o
                0x00001838                H_Servo_Void_ServoInit
 .text.H_LCD_Void_SetLCDPins
                0x00001846       0x3c ./HAL/LCD/LCD_Prog.o
 .text.H_LCD_Void_LCDWriteCommand
                0x00001882       0x64 ./HAL/LCD/LCD_Prog.o
                0x00001882                H_LCD_Void_LCDWriteCommand
 .text.H_LCD_Void_LCDClear
                0x000018e6        0x8 ./HAL/LCD/LCD_Prog.o
                0x000018e6                H_LCD_Void_LCDClear
 .text.H_LCD_Void_LCDGoTo
                0x000018ee       0x2a ./HAL/LCD/LCD_Prog.o
                0x000018ee                H_LCD_Void_LCDGoTo
 .text.H_LCD_Void_LCDWriteCharacter
                0x00001918       0x64 ./HAL/LCD/LCD_Prog.o
                0x00001918                H_LCD_Void_LCDWriteCharacter
 .text.H_LCD_Void_LCDWriteNumber
                0x0000197c       0xe0 ./HAL/LCD/LCD_Prog.o
                0x0000197c                H_LCD_Void_LCDWriteNumber
 .text.H_LCD_Void_LCDWriteString
                0x00001a5c       0x2a ./HAL/LCD/LCD_Prog.o
                0x00001a5c                H_LCD_Void_LCDWriteString
 .text.H_LCD_Void_LCDInit
                0x00001a86       0x66 ./HAL/LCD/LCD_Prog.o
                0x00001a86                H_LCD_Void_LCDInit
 .text.H_Flex_Sensor_U8_SenosorRead
                0x00001aec       0x46 ./HAL/Flex_Sensor/Flex_Sensor_Prog.o
                0x00001aec                H_Flex_Sensor_U8_SenosorRead
 .text.H_Flex_Sensor_Void_SenosorInit
                0x00001b32        0x6 ./HAL/Flex_Sensor/Flex_Sensor_Prog.o
                0x00001b32                H_Flex_Sensor_Void_SenosorInit
 .text.H_DCMotor_Void_DCMotorStop
                0x00001b38        0x8 ./HAL/DCMotor/DCMotor_Prog.o
                0x00001b38                H_DCMotor_Void_DCMotorStop
 .text.H_DCMotor_Void_DCMotorStart
                0x00001b40        0x8 ./HAL/DCMotor/DCMotor_Prog.o
                0x00001b40                H_DCMotor_Void_DCMotorStart
 .text.H_DCMotor_Void_DCMotorSetDirection
                0x00001b48       0x2e ./HAL/DCMotor/DCMotor_Prog.o
                0x00001b48                H_DCMotor_Void_DCMotorSetDirection
 .text.H_DCMotor_Void_DCMotorSetSpeed
                0x00001b76       0x10 ./HAL/DCMotor/DCMotor_Prog.o
                0x00001b76                H_DCMotor_Void_DCMotorSetSpeed
 .text.H_DCMotor_Void_DCMotorInit
                0x00001b86       0x1e ./HAL/DCMotor/DCMotor_Prog.o
                0x00001b86                H_DCMotor_Void_DCMotorInit
 .text.H_Buzzer_Void_BuzzerOnce
                0x00001ba4       0x26 ./HAL/Buzzer/Buzzer_Prog.o
                0x00001ba4                H_Buzzer_Void_BuzzerOnce
 .text.H_Buzzer_Void_BuzzerSetOff
                0x00001bca        0xa ./HAL/Buzzer/Buzzer_Prog.o
                0x00001bca                H_Buzzer_Void_BuzzerSetOff
 .text.H_Buzzer_Void_BuzzerSetOn
                0x00001bd4        0xa ./HAL/Buzzer/Buzzer_Prog.o
                0x00001bd4                H_Buzzer_Void_BuzzerSetOn
 .text.H_Buzzer_Void_BuzzerInit
                0x00001bde        0xa ./HAL/Buzzer/Buzzer_Prog.o
                0x00001bde                H_Buzzer_Void_BuzzerInit
 .text.main     0x00001be8      0x1de ./APP/main.o
                0x00001be8                main
 .text.libgcc   0x00001dc6       0x3e c:/users/dell g3/desktop/amit/apps/sdk_win_64/sdk_win_64/winavr/bin/../lib/gcc/avr/4.3.3/avr5\libgcc.a(_mulsi3.o)
                0x00001dc6                __mulsi3
 .text.libgcc   0x00001e04       0x18 c:/users/dell g3/desktop/amit/apps/sdk_win_64/sdk_win_64/winavr/bin/../lib/gcc/avr/4.3.3/avr5\libgcc.a(_udivmodqi4.o)
                0x00001e04                __udivmodqi4
 .text.libgcc   0x00001e1c       0x44 c:/users/dell g3/desktop/amit/apps/sdk_win_64/sdk_win_64/winavr/bin/../lib/gcc/avr/4.3.3/avr5\libgcc.a(_udivmodsi4.o)
                0x00001e1c                __udivmodsi4
 .text.libgcc   0x00001e60       0x36 c:/users/dell g3/desktop/amit/apps/sdk_win_64/sdk_win_64/winavr/bin/../lib/gcc/avr/4.3.3/avr5\libgcc.a(_divmodsi4.o)
                0x00001e60                __divmodsi4
 .text.libgcc   0x00001e96        0x0 c:/users/dell g3/desktop/amit/apps/sdk_win_64/sdk_win_64/winavr/bin/../lib/gcc/avr/4.3.3/avr5\libgcc.a(_exit.o)
 .text.libgcc   0x00001e96        0x0 c:/users/dell g3/desktop/amit/apps/sdk_win_64/sdk_win_64/winavr/bin/../lib/gcc/avr/4.3.3/avr5\libgcc.a(_clear_bss.o)
 .text.libgcc   0x00001e96       0x38 c:/users/dell g3/desktop/amit/apps/sdk_win_64/sdk_win_64/winavr/bin/../lib/gcc/avr/4.3.3/avr5\libgcc.a(_prologue.o)
                0x00001e96                __prologue_saves__
 .text.libgcc   0x00001ece       0x36 c:/users/dell g3/desktop/amit/apps/sdk_win_64/sdk_win_64/winavr/bin/../lib/gcc/avr/4.3.3/avr5\libgcc.a(_epilogue.o)
                0x00001ece                __epilogue_restores__
 .text.libgcc   0x00001f04        0x0 c:/users/dell g3/desktop/amit/apps/sdk_win_64/sdk_win_64/winavr/bin/../lib/gcc/avr/4.3.3/avr5\libgcc.a(_copy_data.o)
                0x00001f04                . = ALIGN (0x2)
 *(.fini9)
 .fini9         0x00001f04        0x0 c:/users/dell g3/desktop/amit/apps/sdk_win_64/sdk_win_64/winavr/bin/../lib/gcc/avr/4.3.3/avr5\libgcc.a(_exit.o)
                0x00001f04                exit
                0x00001f04                _exit
 *(.fini9)
 *(.fini8)
 *(.fini8)
 *(.fini7)
 *(.fini7)
 *(.fini6)
 *(.fini6)
 *(.fini5)
 *(.fini5)
 *(.fini4)
 *(.fini4)
 *(.fini3)
 *(.fini3)
 *(.fini2)
 *(.fini2)
 *(.fini1)
 *(.fini1)
 *(.fini0)
 .fini0         0x00001f04        0x4 c:/users/dell g3/desktop/amit/apps/sdk_win_64/sdk_win_64/winavr/bin/../lib/gcc/avr/4.3.3/avr5\libgcc.a(_exit.o)
 *(.fini0)
                0x00001f08                _etext = .

.data           0x00800060      0x108 load address 0x00001f08
                0x00800060                PROVIDE (__data_start, .)
 *(.data)
 .data          0x00800060        0x0 c:/users/dell g3/desktop/amit/apps/sdk_win_64/sdk_win_64/winavr/bin/../lib/gcc/avr/4.3.3/../../../../avr/lib/avr5/crtm32.o
 .data          0x00800060        0x0 ./MCAL/UART/UART_Prog.o
 .data          0x00800060        0x0 ./MCAL/Timer/Timer_Prog.o
 .data          0x00800060        0x0 ./MCAL/GIE/GIE_Prog.o
 .data          0x00800060        0x0 ./MCAL/DIO/DIO_Prog.o
 .data          0x00800060        0x0 ./MCAL/ADC/ADC_Prog.o
 .data          0x00800060        0x0 ./HAL/Servo/Servo_Prog.o
 .data          0x00800060        0x0 ./HAL/LCD/LCD_Prog.o
 .data          0x00800060        0x0 ./HAL/Flex_Sensor/Flex_Sensor_Prog.o
 .data          0x00800060        0x0 ./HAL/DCMotor/DCMotor_Prog.o
 .data          0x00800060        0x0 ./HAL/Buzzer/Buzzer_Prog.o
 .data          0x00800060        0x0 ./APP/Projects/Projects.o
 .data          0x00800060        0x0 ./APP/main.o
 .data          0x00800060        0x0 c:/users/dell g3/desktop/amit/apps/sdk_win_64/sdk_win_64/winavr/bin/../lib/gcc/avr/4.3.3/avr5\libgcc.a(_mulsi3.o)
 .data          0x00800060        0x0 c:/users/dell g3/desktop/amit/apps/sdk_win_64/sdk_win_64/winavr/bin/../lib/gcc/avr/4.3.3/avr5\libgcc.a(_udivmodqi4.o)
 .data          0x00800060        0x0 c:/users/dell g3/desktop/amit/apps/sdk_win_64/sdk_win_64/winavr/bin/../lib/gcc/avr/4.3.3/avr5\libgcc.a(_udivmodsi4.o)
 .data          0x00800060        0x0 c:/users/dell g3/desktop/amit/apps/sdk_win_64/sdk_win_64/winavr/bin/../lib/gcc/avr/4.3.3/avr5\libgcc.a(_divmodsi4.o)
 .data          0x00800060        0x0 c:/users/dell g3/desktop/amit/apps/sdk_win_64/sdk_win_64/winavr/bin/../lib/gcc/avr/4.3.3/avr5\libgcc.a(_exit.o)
 .data          0x00800060        0x0 c:/users/dell g3/desktop/amit/apps/sdk_win_64/sdk_win_64/winavr/bin/../lib/gcc/avr/4.3.3/avr5\libgcc.a(_clear_bss.o)
 .data          0x00800060        0x0 c:/users/dell g3/desktop/amit/apps/sdk_win_64/sdk_win_64/winavr/bin/../lib/gcc/avr/4.3.3/avr5\libgcc.a(_fixunssfsi.o)
 .data          0x00800060        0x0 c:/users/dell g3/desktop/amit/apps/sdk_win_64/sdk_win_64/winavr/bin/../lib/gcc/avr/4.3.3/avr5\libgcc.a(_addsub_sf.o)
 .data          0x00800060        0x0 c:/users/dell g3/desktop/amit/apps/sdk_win_64/sdk_win_64/winavr/bin/../lib/gcc/avr/4.3.3/avr5\libgcc.a(_mul_sf.o)
 .data          0x00800060        0x0 c:/users/dell g3/desktop/amit/apps/sdk_win_64/sdk_win_64/winavr/bin/../lib/gcc/avr/4.3.3/avr5\libgcc.a(_div_sf.o)
 .data          0x00800060        0x0 c:/users/dell g3/desktop/amit/apps/sdk_win_64/sdk_win_64/winavr/bin/../lib/gcc/avr/4.3.3/avr5\libgcc.a(_eq_sf.o)
 .data          0x00800060        0x0 c:/users/dell g3/desktop/amit/apps/sdk_win_64/sdk_win_64/winavr/bin/../lib/gcc/avr/4.3.3/avr5\libgcc.a(_ge_sf.o)
 .data          0x00800060        0x0 c:/users/dell g3/desktop/amit/apps/sdk_win_64/sdk_win_64/winavr/bin/../lib/gcc/avr/4.3.3/avr5\libgcc.a(_si_to_sf.o)
 .data          0x00800060        0x0 c:/users/dell g3/desktop/amit/apps/sdk_win_64/sdk_win_64/winavr/bin/../lib/gcc/avr/4.3.3/avr5\libgcc.a(_sf_to_si.o)
 .data          0x00800060        0x8 c:/users/dell g3/desktop/amit/apps/sdk_win_64/sdk_win_64/winavr/bin/../lib/gcc/avr/4.3.3/avr5\libgcc.a(_thenan_sf.o)
                0x00800060                __thenan_sf
 .data          0x00800068        0x0 c:/users/dell g3/desktop/amit/apps/sdk_win_64/sdk_win_64/winavr/bin/../lib/gcc/avr/4.3.3/avr5\libgcc.a(_usi_to_sf.o)
 .data          0x00800068        0x0 c:/users/dell g3/desktop/amit/apps/sdk_win_64/sdk_win_64/winavr/bin/../lib/gcc/avr/4.3.3/avr5\libgcc.a(_prologue.o)
 .data          0x00800068        0x0 c:/users/dell g3/desktop/amit/apps/sdk_win_64/sdk_win_64/winavr/bin/../lib/gcc/avr/4.3.3/avr5\libgcc.a(_epilogue.o)
 .data          0x00800068        0x0 c:/users/dell g3/desktop/amit/apps/sdk_win_64/sdk_win_64/winavr/bin/../lib/gcc/avr/4.3.3/avr5\libgcc.a(_copy_data.o)
 .data          0x00800068        0x0 c:/users/dell g3/desktop/amit/apps/sdk_win_64/sdk_win_64/winavr/bin/../lib/gcc/avr/4.3.3/avr5\libgcc.a(_clzsi2.o)
 .data          0x00800068        0x0 c:/users/dell g3/desktop/amit/apps/sdk_win_64/sdk_win_64/winavr/bin/../lib/gcc/avr/4.3.3/avr5\libgcc.a(_pack_sf.o)
 .data          0x00800068        0x0 c:/users/dell g3/desktop/amit/apps/sdk_win_64/sdk_win_64/winavr/bin/../lib/gcc/avr/4.3.3/avr5\libgcc.a(_unpack_sf.o)
 .data          0x00800068        0x0 c:/users/dell g3/desktop/amit/apps/sdk_win_64/sdk_win_64/winavr/bin/../lib/gcc/avr/4.3.3/avr5\libgcc.a(_fpcmp_parts_sf.o)
 .data          0x00800068      0x100 c:/users/dell g3/desktop/amit/apps/sdk_win_64/sdk_win_64/winavr/bin/../lib/gcc/avr/4.3.3/avr5\libgcc.a(_clz.o)
                0x00800068                __clz_tab
 *(.data*)
 *(.rodata)
 *(.rodata*)
 *(.gnu.linkonce.d*)
                0x00800168                . = ALIGN (0x2)
                0x00800168                _edata = .
                0x00800168                PROVIDE (__data_end, .)

.bss            0x00800168       0x13
                0x00800168                PROVIDE (__bss_start, .)
 *(.bss)
 .bss           0x00800168        0x0 c:/users/dell g3/desktop/amit/apps/sdk_win_64/sdk_win_64/winavr/bin/../lib/gcc/avr/4.3.3/../../../../avr/lib/avr5/crtm32.o
 .bss           0x00800168        0x0 ./MCAL/UART/UART_Prog.o
 .bss           0x00800168        0x0 ./MCAL/Timer/Timer_Prog.o
 .bss           0x00800168        0x0 ./MCAL/GIE/GIE_Prog.o
 .bss           0x00800168        0x0 ./MCAL/DIO/DIO_Prog.o
 .bss           0x00800168        0x0 ./MCAL/ADC/ADC_Prog.o
 .bss           0x00800168        0x0 ./HAL/Servo/Servo_Prog.o
 .bss           0x00800168        0x0 ./HAL/LCD/LCD_Prog.o
 .bss           0x00800168        0x0 ./HAL/Flex_Sensor/Flex_Sensor_Prog.o
 .bss           0x00800168        0x0 ./HAL/DCMotor/DCMotor_Prog.o
 .bss           0x00800168        0x0 ./HAL/Buzzer/Buzzer_Prog.o
 .bss           0x00800168        0x0 ./APP/Projects/Projects.o
 .bss           0x00800168        0x0 ./APP/main.o
 .bss           0x00800168        0x0 c:/users/dell g3/desktop/amit/apps/sdk_win_64/sdk_win_64/winavr/bin/../lib/gcc/avr/4.3.3/avr5\libgcc.a(_mulsi3.o)
 .bss           0x00800168        0x0 c:/users/dell g3/desktop/amit/apps/sdk_win_64/sdk_win_64/winavr/bin/../lib/gcc/avr/4.3.3/avr5\libgcc.a(_udivmodqi4.o)
 .bss           0x00800168        0x0 c:/users/dell g3/desktop/amit/apps/sdk_win_64/sdk_win_64/winavr/bin/../lib/gcc/avr/4.3.3/avr5\libgcc.a(_udivmodsi4.o)
 .bss           0x00800168        0x0 c:/users/dell g3/desktop/amit/apps/sdk_win_64/sdk_win_64/winavr/bin/../lib/gcc/avr/4.3.3/avr5\libgcc.a(_divmodsi4.o)
 .bss           0x00800168        0x0 c:/users/dell g3/desktop/amit/apps/sdk_win_64/sdk_win_64/winavr/bin/../lib/gcc/avr/4.3.3/avr5\libgcc.a(_exit.o)
 .bss           0x00800168        0x0 c:/users/dell g3/desktop/amit/apps/sdk_win_64/sdk_win_64/winavr/bin/../lib/gcc/avr/4.3.3/avr5\libgcc.a(_clear_bss.o)
 .bss           0x00800168        0x0 c:/users/dell g3/desktop/amit/apps/sdk_win_64/sdk_win_64/winavr/bin/../lib/gcc/avr/4.3.3/avr5\libgcc.a(_fixunssfsi.o)
 .bss           0x00800168        0x0 c:/users/dell g3/desktop/amit/apps/sdk_win_64/sdk_win_64/winavr/bin/../lib/gcc/avr/4.3.3/avr5\libgcc.a(_addsub_sf.o)
 .bss           0x00800168        0x0 c:/users/dell g3/desktop/amit/apps/sdk_win_64/sdk_win_64/winavr/bin/../lib/gcc/avr/4.3.3/avr5\libgcc.a(_mul_sf.o)
 .bss           0x00800168        0x0 c:/users/dell g3/desktop/amit/apps/sdk_win_64/sdk_win_64/winavr/bin/../lib/gcc/avr/4.3.3/avr5\libgcc.a(_div_sf.o)
 .bss           0x00800168        0x0 c:/users/dell g3/desktop/amit/apps/sdk_win_64/sdk_win_64/winavr/bin/../lib/gcc/avr/4.3.3/avr5\libgcc.a(_eq_sf.o)
 .bss           0x00800168        0x0 c:/users/dell g3/desktop/amit/apps/sdk_win_64/sdk_win_64/winavr/bin/../lib/gcc/avr/4.3.3/avr5\libgcc.a(_ge_sf.o)
 .bss           0x00800168        0x0 c:/users/dell g3/desktop/amit/apps/sdk_win_64/sdk_win_64/winavr/bin/../lib/gcc/avr/4.3.3/avr5\libgcc.a(_si_to_sf.o)
 .bss           0x00800168        0x0 c:/users/dell g3/desktop/amit/apps/sdk_win_64/sdk_win_64/winavr/bin/../lib/gcc/avr/4.3.3/avr5\libgcc.a(_sf_to_si.o)
 .bss           0x00800168        0x0 c:/users/dell g3/desktop/amit/apps/sdk_win_64/sdk_win_64/winavr/bin/../lib/gcc/avr/4.3.3/avr5\libgcc.a(_thenan_sf.o)
 .bss           0x00800168        0x0 c:/users/dell g3/desktop/amit/apps/sdk_win_64/sdk_win_64/winavr/bin/../lib/gcc/avr/4.3.3/avr5\libgcc.a(_usi_to_sf.o)
 .bss           0x00800168        0x0 c:/users/dell g3/desktop/amit/apps/sdk_win_64/sdk_win_64/winavr/bin/../lib/gcc/avr/4.3.3/avr5\libgcc.a(_prologue.o)
 .bss           0x00800168        0x0 c:/users/dell g3/desktop/amit/apps/sdk_win_64/sdk_win_64/winavr/bin/../lib/gcc/avr/4.3.3/avr5\libgcc.a(_epilogue.o)
 .bss           0x00800168        0x0 c:/users/dell g3/desktop/amit/apps/sdk_win_64/sdk_win_64/winavr/bin/../lib/gcc/avr/4.3.3/avr5\libgcc.a(_copy_data.o)
 .bss           0x00800168        0x0 c:/users/dell g3/desktop/amit/apps/sdk_win_64/sdk_win_64/winavr/bin/../lib/gcc/avr/4.3.3/avr5\libgcc.a(_clzsi2.o)
 .bss           0x00800168        0x0 c:/users/dell g3/desktop/amit/apps/sdk_win_64/sdk_win_64/winavr/bin/../lib/gcc/avr/4.3.3/avr5\libgcc.a(_pack_sf.o)
 .bss           0x00800168        0x0 c:/users/dell g3/desktop/amit/apps/sdk_win_64/sdk_win_64/winavr/bin/../lib/gcc/avr/4.3.3/avr5\libgcc.a(_unpack_sf.o)
 .bss           0x00800168        0x0 c:/users/dell g3/desktop/amit/apps/sdk_win_64/sdk_win_64/winavr/bin/../lib/gcc/avr/4.3.3/avr5\libgcc.a(_fpcmp_parts_sf.o)
 .bss           0x00800168        0x0 c:/users/dell g3/desktop/amit/apps/sdk_win_64/sdk_win_64/winavr/bin/../lib/gcc/avr/4.3.3/avr5\libgcc.a(_clz.o)
 *(.bss*)
 .bss.Timer_U32_NumOfOverFlows
                0x00800168        0x4 ./MCAL/Timer/Timer_Prog.o
                0x00800168                Timer_U32_NumOfOverFlows
 .bss.Timer_U8_RemTicks
                0x0080016c        0x1 ./MCAL/Timer/Timer_Prog.o
                0x0080016c                Timer_U8_RemTicks
 .bss.Timer_U32_NumOfCompareMatch
                0x0080016d        0x4 ./MCAL/Timer/Timer_Prog.o
                0x0080016d                Timer_U32_NumOfCompareMatch
 .bss.Local_U32_Counter.1433
                0x00800171        0x4 ./MCAL/Timer/Timer_Prog.o
 *(COMMON)
 COMMON         0x00800175        0x6 ./MCAL/Timer/Timer_Prog.o
                0x00800175                Timer2_CallBack
                0x00800177                Timer1_CallBack
                0x00800179                Timer0_CallBack
                0x0080017b                PROVIDE (__bss_end, .)
                0x00001f08                __data_load_start = LOADADDR (.data)
                0x00002010                __data_load_end = (__data_load_start + SIZEOF (.data))

.noinit         0x0080017b        0x0
                0x0080017b                PROVIDE (__noinit_start, .)
 *(.noinit*)
                0x0080017b                PROVIDE (__noinit_end, .)
                0x0080017b                _end = .
                0x0080017b                PROVIDE (__heap_start, .)

.eeprom         0x00810000        0x0
 *(.eeprom*)
                0x00810000                __eeprom_end = .

.fuse
 *(.fuse)
 *(.lfuse)
 *(.hfuse)
 *(.efuse)

.lock
 *(.lock*)

.signature
 *(.signature*)

.stab           0x00000000     0x2904
 *(.stab)
 .stab          0x00000000      0x330 ./MCAL/UART/UART_Prog.o
 .stab          0x00000330      0x840 ./MCAL/Timer/Timer_Prog.o
                                0x8c4 (size before relaxing)
 .stab          0x00000b70      0x15c ./MCAL/GIE/GIE_Prog.o
                                0x1d4 (size before relaxing)
 .stab          0x00000ccc      0x528 ./MCAL/DIO/DIO_Prog.o
                                0x5a0 (size before relaxing)
 .stab          0x000011f4      0x30c ./MCAL/ADC/ADC_Prog.o
                                0x384 (size before relaxing)
 .stab          0x00001500      0x234 ./HAL/Servo/Servo_Prog.o
                                0x468 (size before relaxing)
 .stab          0x00001734      0x6a8 ./HAL/LCD/LCD_Prog.o
                                0x8ac (size before relaxing)
 .stab          0x00001ddc      0x1d4 ./HAL/Flex_Sensor/Flex_Sensor_Prog.o
                                0x258 (size before relaxing)
 .stab          0x00001fb0      0x2ac ./HAL/DCMotor/DCMotor_Prog.o
                                0x4f8 (size before relaxing)
 .stab          0x0000225c      0x288 ./HAL/Buzzer/Buzzer_Prog.o
                                0x498 (size before relaxing)
 .stab          0x000024e4      0x168 ./APP/Projects/Projects.o
                                0x3a8 (size before relaxing)
 .stab          0x0000264c      0x2b8 ./APP/main.o
                                0x504 (size before relaxing)

.stabstr        0x00000000     0x16d2
 *(.stabstr)
 .stabstr       0x00000000     0x16d2 ./MCAL/UART/UART_Prog.o

.stab.excl
 *(.stab.excl)

.stab.exclstr
 *(.stab.exclstr)

.stab.index
 *(.stab.index)

.stab.indexstr
 *(.stab.indexstr)

.comment
 *(.comment)

.debug
 *(.debug)

.line
 *(.line)

.debug_srcinfo
 *(.debug_srcinfo)

.debug_sfnames
 *(.debug_sfnames)

.debug_aranges  0x00000000      0x1a0
 *(.debug_aranges)
 .debug_aranges
                0x00000000       0x20 c:/users/dell g3/desktop/amit/apps/sdk_win_64/sdk_win_64/winavr/bin/../lib/gcc/avr/4.3.3/avr5\libgcc.a(_fixunssfsi.o)
 .debug_aranges
                0x00000020       0x20 c:/users/dell g3/desktop/amit/apps/sdk_win_64/sdk_win_64/winavr/bin/../lib/gcc/avr/4.3.3/avr5\libgcc.a(_addsub_sf.o)
 .debug_aranges
                0x00000040       0x20 c:/users/dell g3/desktop/amit/apps/sdk_win_64/sdk_win_64/winavr/bin/../lib/gcc/avr/4.3.3/avr5\libgcc.a(_mul_sf.o)
 .debug_aranges
                0x00000060       0x20 c:/users/dell g3/desktop/amit/apps/sdk_win_64/sdk_win_64/winavr/bin/../lib/gcc/avr/4.3.3/avr5\libgcc.a(_div_sf.o)
 .debug_aranges
                0x00000080       0x20 c:/users/dell g3/desktop/amit/apps/sdk_win_64/sdk_win_64/winavr/bin/../lib/gcc/avr/4.3.3/avr5\libgcc.a(_eq_sf.o)
 .debug_aranges
                0x000000a0       0x20 c:/users/dell g3/desktop/amit/apps/sdk_win_64/sdk_win_64/winavr/bin/../lib/gcc/avr/4.3.3/avr5\libgcc.a(_ge_sf.o)
 .debug_aranges
                0x000000c0       0x20 c:/users/dell g3/desktop/amit/apps/sdk_win_64/sdk_win_64/winavr/bin/../lib/gcc/avr/4.3.3/avr5\libgcc.a(_si_to_sf.o)
 .debug_aranges
                0x000000e0       0x20 c:/users/dell g3/desktop/amit/apps/sdk_win_64/sdk_win_64/winavr/bin/../lib/gcc/avr/4.3.3/avr5\libgcc.a(_sf_to_si.o)
 .debug_aranges
                0x00000100       0x20 c:/users/dell g3/desktop/amit/apps/sdk_win_64/sdk_win_64/winavr/bin/../lib/gcc/avr/4.3.3/avr5\libgcc.a(_usi_to_sf.o)
 .debug_aranges
                0x00000120       0x20 c:/users/dell g3/desktop/amit/apps/sdk_win_64/sdk_win_64/winavr/bin/../lib/gcc/avr/4.3.3/avr5\libgcc.a(_clzsi2.o)
 .debug_aranges
                0x00000140       0x20 c:/users/dell g3/desktop/amit/apps/sdk_win_64/sdk_win_64/winavr/bin/../lib/gcc/avr/4.3.3/avr5\libgcc.a(_pack_sf.o)
 .debug_aranges
                0x00000160       0x20 c:/users/dell g3/desktop/amit/apps/sdk_win_64/sdk_win_64/winavr/bin/../lib/gcc/avr/4.3.3/avr5\libgcc.a(_unpack_sf.o)
 .debug_aranges
                0x00000180       0x20 c:/users/dell g3/desktop/amit/apps/sdk_win_64/sdk_win_64/winavr/bin/../lib/gcc/avr/4.3.3/avr5\libgcc.a(_fpcmp_parts_sf.o)

.debug_pubnames
                0x00000000      0x1f6
 *(.debug_pubnames)
 .debug_pubnames
                0x00000000       0x23 c:/users/dell g3/desktop/amit/apps/sdk_win_64/sdk_win_64/winavr/bin/../lib/gcc/avr/4.3.3/avr5\libgcc.a(_fixunssfsi.o)
 .debug_pubnames
                0x00000023       0x2c c:/users/dell g3/desktop/amit/apps/sdk_win_64/sdk_win_64/winavr/bin/../lib/gcc/avr/4.3.3/avr5\libgcc.a(_addsub_sf.o)
 .debug_pubnames
                0x0000004f       0x1f c:/users/dell g3/desktop/amit/apps/sdk_win_64/sdk_win_64/winavr/bin/../lib/gcc/avr/4.3.3/avr5\libgcc.a(_mul_sf.o)
 .debug_pubnames
                0x0000006e       0x1f c:/users/dell g3/desktop/amit/apps/sdk_win_64/sdk_win_64/winavr/bin/../lib/gcc/avr/4.3.3/avr5\libgcc.a(_div_sf.o)
 .debug_pubnames
                0x0000008d       0x1e c:/users/dell g3/desktop/amit/apps/sdk_win_64/sdk_win_64/winavr/bin/../lib/gcc/avr/4.3.3/avr5\libgcc.a(_eq_sf.o)
 .debug_pubnames
                0x000000ab       0x1e c:/users/dell g3/desktop/amit/apps/sdk_win_64/sdk_win_64/winavr/bin/../lib/gcc/avr/4.3.3/avr5\libgcc.a(_ge_sf.o)
 .debug_pubnames
                0x000000c9       0x22 c:/users/dell g3/desktop/amit/apps/sdk_win_64/sdk_win_64/winavr/bin/../lib/gcc/avr/4.3.3/avr5\libgcc.a(_si_to_sf.o)
 .debug_pubnames
                0x000000eb       0x20 c:/users/dell g3/desktop/amit/apps/sdk_win_64/sdk_win_64/winavr/bin/../lib/gcc/avr/4.3.3/avr5\libgcc.a(_sf_to_si.o)
 .debug_pubnames
                0x0000010b       0x22 c:/users/dell g3/desktop/amit/apps/sdk_win_64/sdk_win_64/winavr/bin/../lib/gcc/avr/4.3.3/avr5\libgcc.a(_thenan_sf.o)
 .debug_pubnames
                0x0000012d       0x24 c:/users/dell g3/desktop/amit/apps/sdk_win_64/sdk_win_64/winavr/bin/../lib/gcc/avr/4.3.3/avr5\libgcc.a(_usi_to_sf.o)
 .debug_pubnames
                0x00000151       0x1f c:/users/dell g3/desktop/amit/apps/sdk_win_64/sdk_win_64/winavr/bin/../lib/gcc/avr/4.3.3/avr5\libgcc.a(_clzsi2.o)
 .debug_pubnames
                0x00000170       0x1f c:/users/dell g3/desktop/amit/apps/sdk_win_64/sdk_win_64/winavr/bin/../lib/gcc/avr/4.3.3/avr5\libgcc.a(_pack_sf.o)
 .debug_pubnames
                0x0000018f       0x21 c:/users/dell g3/desktop/amit/apps/sdk_win_64/sdk_win_64/winavr/bin/../lib/gcc/avr/4.3.3/avr5\libgcc.a(_unpack_sf.o)
 .debug_pubnames
                0x000001b0       0x26 c:/users/dell g3/desktop/amit/apps/sdk_win_64/sdk_win_64/winavr/bin/../lib/gcc/avr/4.3.3/avr5\libgcc.a(_fpcmp_parts_sf.o)
 .debug_pubnames
                0x000001d6       0x20 c:/users/dell g3/desktop/amit/apps/sdk_win_64/sdk_win_64/winavr/bin/../lib/gcc/avr/4.3.3/avr5\libgcc.a(_clz.o)

.debug_info     0x00000000     0x2393
 *(.debug_info)
 .debug_info    0x00000000       0xb1 c:/users/dell g3/desktop/amit/apps/sdk_win_64/sdk_win_64/winavr/bin/../lib/gcc/avr/4.3.3/avr5\libgcc.a(_fixunssfsi.o)
 .debug_info    0x000000b1      0x47a c:/users/dell g3/desktop/amit/apps/sdk_win_64/sdk_win_64/winavr/bin/../lib/gcc/avr/4.3.3/avr5\libgcc.a(_addsub_sf.o)
 .debug_info    0x0000052b      0x485 c:/users/dell g3/desktop/amit/apps/sdk_win_64/sdk_win_64/winavr/bin/../lib/gcc/avr/4.3.3/avr5\libgcc.a(_mul_sf.o)
 .debug_info    0x000009b0      0x3fc c:/users/dell g3/desktop/amit/apps/sdk_win_64/sdk_win_64/winavr/bin/../lib/gcc/avr/4.3.3/avr5\libgcc.a(_div_sf.o)
 .debug_info    0x00000dac      0x27f c:/users/dell g3/desktop/amit/apps/sdk_win_64/sdk_win_64/winavr/bin/../lib/gcc/avr/4.3.3/avr5\libgcc.a(_eq_sf.o)
 .debug_info    0x0000102b      0x27f c:/users/dell g3/desktop/amit/apps/sdk_win_64/sdk_win_64/winavr/bin/../lib/gcc/avr/4.3.3/avr5\libgcc.a(_ge_sf.o)
 .debug_info    0x000012aa      0x207 c:/users/dell g3/desktop/amit/apps/sdk_win_64/sdk_win_64/winavr/bin/../lib/gcc/avr/4.3.3/avr5\libgcc.a(_si_to_sf.o)
 .debug_info    0x000014b1      0x2b0 c:/users/dell g3/desktop/amit/apps/sdk_win_64/sdk_win_64/winavr/bin/../lib/gcc/avr/4.3.3/avr5\libgcc.a(_sf_to_si.o)
 .debug_info    0x00001761      0x12c c:/users/dell g3/desktop/amit/apps/sdk_win_64/sdk_win_64/winavr/bin/../lib/gcc/avr/4.3.3/avr5\libgcc.a(_thenan_sf.o)
 .debug_info    0x0000188d      0x206 c:/users/dell g3/desktop/amit/apps/sdk_win_64/sdk_win_64/winavr/bin/../lib/gcc/avr/4.3.3/avr5\libgcc.a(_usi_to_sf.o)
 .debug_info    0x00001a93      0x117 c:/users/dell g3/desktop/amit/apps/sdk_win_64/sdk_win_64/winavr/bin/../lib/gcc/avr/4.3.3/avr5\libgcc.a(_clzsi2.o)
 .debug_info    0x00001baa      0x2df c:/users/dell g3/desktop/amit/apps/sdk_win_64/sdk_win_64/winavr/bin/../lib/gcc/avr/4.3.3/avr5\libgcc.a(_pack_sf.o)
 .debug_info    0x00001e89      0x251 c:/users/dell g3/desktop/amit/apps/sdk_win_64/sdk_win_64/winavr/bin/../lib/gcc/avr/4.3.3/avr5\libgcc.a(_unpack_sf.o)
 .debug_info    0x000020da      0x210 c:/users/dell g3/desktop/amit/apps/sdk_win_64/sdk_win_64/winavr/bin/../lib/gcc/avr/4.3.3/avr5\libgcc.a(_fpcmp_parts_sf.o)
 .debug_info    0x000022ea       0xa9 c:/users/dell g3/desktop/amit/apps/sdk_win_64/sdk_win_64/winavr/bin/../lib/gcc/avr/4.3.3/avr5\libgcc.a(_clz.o)
 *(.gnu.linkonce.wi.*)

.debug_abbrev   0x00000000     0x1374
 *(.debug_abbrev)
 .debug_abbrev  0x00000000       0x5d c:/users/dell g3/desktop/amit/apps/sdk_win_64/sdk_win_64/winavr/bin/../lib/gcc/avr/4.3.3/avr5\libgcc.a(_fixunssfsi.o)
 .debug_abbrev  0x0000005d      0x1ea c:/users/dell g3/desktop/amit/apps/sdk_win_64/sdk_win_64/winavr/bin/../lib/gcc/avr/4.3.3/avr5\libgcc.a(_addsub_sf.o)
 .debug_abbrev  0x00000247      0x21b c:/users/dell g3/desktop/amit/apps/sdk_win_64/sdk_win_64/winavr/bin/../lib/gcc/avr/4.3.3/avr5\libgcc.a(_mul_sf.o)
 .debug_abbrev  0x00000462      0x216 c:/users/dell g3/desktop/amit/apps/sdk_win_64/sdk_win_64/winavr/bin/../lib/gcc/avr/4.3.3/avr5\libgcc.a(_div_sf.o)
 .debug_abbrev  0x00000678      0x15a c:/users/dell g3/desktop/amit/apps/sdk_win_64/sdk_win_64/winavr/bin/../lib/gcc/avr/4.3.3/avr5\libgcc.a(_eq_sf.o)
 .debug_abbrev  0x000007d2      0x15a c:/users/dell g3/desktop/amit/apps/sdk_win_64/sdk_win_64/winavr/bin/../lib/gcc/avr/4.3.3/avr5\libgcc.a(_ge_sf.o)
 .debug_abbrev  0x0000092c      0x148 c:/users/dell g3/desktop/amit/apps/sdk_win_64/sdk_win_64/winavr/bin/../lib/gcc/avr/4.3.3/avr5\libgcc.a(_si_to_sf.o)
 .debug_abbrev  0x00000a74      0x17f c:/users/dell g3/desktop/amit/apps/sdk_win_64/sdk_win_64/winavr/bin/../lib/gcc/avr/4.3.3/avr5\libgcc.a(_sf_to_si.o)
 .debug_abbrev  0x00000bf3       0xad c:/users/dell g3/desktop/amit/apps/sdk_win_64/sdk_win_64/winavr/bin/../lib/gcc/avr/4.3.3/avr5\libgcc.a(_thenan_sf.o)
 .debug_abbrev  0x00000ca0      0x157 c:/users/dell g3/desktop/amit/apps/sdk_win_64/sdk_win_64/winavr/bin/../lib/gcc/avr/4.3.3/avr5\libgcc.a(_usi_to_sf.o)
 .debug_abbrev  0x00000df7       0xc4 c:/users/dell g3/desktop/amit/apps/sdk_win_64/sdk_win_64/winavr/bin/../lib/gcc/avr/4.3.3/avr5\libgcc.a(_clzsi2.o)
 .debug_abbrev  0x00000ebb      0x1c0 c:/users/dell g3/desktop/amit/apps/sdk_win_64/sdk_win_64/winavr/bin/../lib/gcc/avr/4.3.3/avr5\libgcc.a(_pack_sf.o)
 .debug_abbrev  0x0000107b      0x154 c:/users/dell g3/desktop/amit/apps/sdk_win_64/sdk_win_64/winavr/bin/../lib/gcc/avr/4.3.3/avr5\libgcc.a(_unpack_sf.o)
 .debug_abbrev  0x000011cf      0x13b c:/users/dell g3/desktop/amit/apps/sdk_win_64/sdk_win_64/winavr/bin/../lib/gcc/avr/4.3.3/avr5\libgcc.a(_fpcmp_parts_sf.o)
 .debug_abbrev  0x0000130a       0x6a c:/users/dell g3/desktop/amit/apps/sdk_win_64/sdk_win_64/winavr/bin/../lib/gcc/avr/4.3.3/avr5\libgcc.a(_clz.o)

.debug_line     0x00000000     0x1238
 *(.debug_line)
 .debug_line    0x00000000       0xa7 c:/users/dell g3/desktop/amit/apps/sdk_win_64/sdk_win_64/winavr/bin/../lib/gcc/avr/4.3.3/avr5\libgcc.a(_fixunssfsi.o)
 .debug_line    0x000000a7      0x2af c:/users/dell g3/desktop/amit/apps/sdk_win_64/sdk_win_64/winavr/bin/../lib/gcc/avr/4.3.3/avr5\libgcc.a(_addsub_sf.o)
 .debug_line    0x00000356      0x239 c:/users/dell g3/desktop/amit/apps/sdk_win_64/sdk_win_64/winavr/bin/../lib/gcc/avr/4.3.3/avr5\libgcc.a(_mul_sf.o)
 .debug_line    0x0000058f      0x1d5 c:/users/dell g3/desktop/amit/apps/sdk_win_64/sdk_win_64/winavr/bin/../lib/gcc/avr/4.3.3/avr5\libgcc.a(_div_sf.o)
 .debug_line    0x00000764       0xd3 c:/users/dell g3/desktop/amit/apps/sdk_win_64/sdk_win_64/winavr/bin/../lib/gcc/avr/4.3.3/avr5\libgcc.a(_eq_sf.o)
 .debug_line    0x00000837       0xd3 c:/users/dell g3/desktop/amit/apps/sdk_win_64/sdk_win_64/winavr/bin/../lib/gcc/avr/4.3.3/avr5\libgcc.a(_ge_sf.o)
 .debug_line    0x0000090a      0x135 c:/users/dell g3/desktop/amit/apps/sdk_win_64/sdk_win_64/winavr/bin/../lib/gcc/avr/4.3.3/avr5\libgcc.a(_si_to_sf.o)
 .debug_line    0x00000a3f      0x109 c:/users/dell g3/desktop/amit/apps/sdk_win_64/sdk_win_64/winavr/bin/../lib/gcc/avr/4.3.3/avr5\libgcc.a(_sf_to_si.o)
 .debug_line    0x00000b48       0x90 c:/users/dell g3/desktop/amit/apps/sdk_win_64/sdk_win_64/winavr/bin/../lib/gcc/avr/4.3.3/avr5\libgcc.a(_thenan_sf.o)
 .debug_line    0x00000bd8      0x133 c:/users/dell g3/desktop/amit/apps/sdk_win_64/sdk_win_64/winavr/bin/../lib/gcc/avr/4.3.3/avr5\libgcc.a(_usi_to_sf.o)
 .debug_line    0x00000d0b       0xa5 c:/users/dell g3/desktop/amit/apps/sdk_win_64/sdk_win_64/winavr/bin/../lib/gcc/avr/4.3.3/avr5\libgcc.a(_clzsi2.o)
 .debug_line    0x00000db0      0x18a c:/users/dell g3/desktop/amit/apps/sdk_win_64/sdk_win_64/winavr/bin/../lib/gcc/avr/4.3.3/avr5\libgcc.a(_pack_sf.o)
 .debug_line    0x00000f3a      0x14b c:/users/dell g3/desktop/amit/apps/sdk_win_64/sdk_win_64/winavr/bin/../lib/gcc/avr/4.3.3/avr5\libgcc.a(_unpack_sf.o)
 .debug_line    0x00001085      0x137 c:/users/dell g3/desktop/amit/apps/sdk_win_64/sdk_win_64/winavr/bin/../lib/gcc/avr/4.3.3/avr5\libgcc.a(_fpcmp_parts_sf.o)
 .debug_line    0x000011bc       0x7c c:/users/dell g3/desktop/amit/apps/sdk_win_64/sdk_win_64/winavr/bin/../lib/gcc/avr/4.3.3/avr5\libgcc.a(_clz.o)

.debug_frame    0x00000000      0x1c0
 *(.debug_frame)
 .debug_frame   0x00000000       0x20 c:/users/dell g3/desktop/amit/apps/sdk_win_64/sdk_win_64/winavr/bin/../lib/gcc/avr/4.3.3/avr5\libgcc.a(_fixunssfsi.o)
 .debug_frame   0x00000020       0x40 c:/users/dell g3/desktop/amit/apps/sdk_win_64/sdk_win_64/winavr/bin/../lib/gcc/avr/4.3.3/avr5\libgcc.a(_addsub_sf.o)
 .debug_frame   0x00000060       0x20 c:/users/dell g3/desktop/amit/apps/sdk_win_64/sdk_win_64/winavr/bin/../lib/gcc/avr/4.3.3/avr5\libgcc.a(_mul_sf.o)
 .debug_frame   0x00000080       0x20 c:/users/dell g3/desktop/amit/apps/sdk_win_64/sdk_win_64/winavr/bin/../lib/gcc/avr/4.3.3/avr5\libgcc.a(_div_sf.o)
 .debug_frame   0x000000a0       0x20 c:/users/dell g3/desktop/amit/apps/sdk_win_64/sdk_win_64/winavr/bin/../lib/gcc/avr/4.3.3/avr5\libgcc.a(_eq_sf.o)
 .debug_frame   0x000000c0       0x20 c:/users/dell g3/desktop/amit/apps/sdk_win_64/sdk_win_64/winavr/bin/../lib/gcc/avr/4.3.3/avr5\libgcc.a(_ge_sf.o)
 .debug_frame   0x000000e0       0x20 c:/users/dell g3/desktop/amit/apps/sdk_win_64/sdk_win_64/winavr/bin/../lib/gcc/avr/4.3.3/avr5\libgcc.a(_si_to_sf.o)
 .debug_frame   0x00000100       0x20 c:/users/dell g3/desktop/amit/apps/sdk_win_64/sdk_win_64/winavr/bin/../lib/gcc/avr/4.3.3/avr5\libgcc.a(_sf_to_si.o)
 .debug_frame   0x00000120       0x20 c:/users/dell g3/desktop/amit/apps/sdk_win_64/sdk_win_64/winavr/bin/../lib/gcc/avr/4.3.3/avr5\libgcc.a(_usi_to_sf.o)
 .debug_frame   0x00000140       0x20 c:/users/dell g3/desktop/amit/apps/sdk_win_64/sdk_win_64/winavr/bin/../lib/gcc/avr/4.3.3/avr5\libgcc.a(_clzsi2.o)
 .debug_frame   0x00000160       0x20 c:/users/dell g3/desktop/amit/apps/sdk_win_64/sdk_win_64/winavr/bin/../lib/gcc/avr/4.3.3/avr5\libgcc.a(_pack_sf.o)
 .debug_frame   0x00000180       0x20 c:/users/dell g3/desktop/amit/apps/sdk_win_64/sdk_win_64/winavr/bin/../lib/gcc/avr/4.3.3/avr5\libgcc.a(_unpack_sf.o)
 .debug_frame   0x000001a0       0x20 c:/users/dell g3/desktop/amit/apps/sdk_win_64/sdk_win_64/winavr/bin/../lib/gcc/avr/4.3.3/avr5\libgcc.a(_fpcmp_parts_sf.o)

.debug_str      0x00000000      0x2ff
 *(.debug_str)
 .debug_str     0x00000000       0xbf c:/users/dell g3/desktop/amit/apps/sdk_win_64/sdk_win_64/winavr/bin/../lib/gcc/avr/4.3.3/avr5\libgcc.a(_fixunssfsi.o)
                                 0xfe (size before relaxing)
 .debug_str     0x000000bf      0x14d c:/users/dell g3/desktop/amit/apps/sdk_win_64/sdk_win_64/winavr/bin/../lib/gcc/avr/4.3.3/avr5\libgcc.a(_addsub_sf.o)
                                0x206 (size before relaxing)
 .debug_str     0x0000020c       0x27 c:/users/dell g3/desktop/amit/apps/sdk_win_64/sdk_win_64/winavr/bin/../lib/gcc/avr/4.3.3/avr5\libgcc.a(_mul_sf.o)
                                0x1bf (size before relaxing)
 .debug_str     0x00000233       0x35 c:/users/dell g3/desktop/amit/apps/sdk_win_64/sdk_win_64/winavr/bin/../lib/gcc/avr/4.3.3/avr5\libgcc.a(_div_sf.o)
                                0x1c8 (size before relaxing)
 .debug_str     0x00000268        0x8 c:/users/dell g3/desktop/amit/apps/sdk_win_64/sdk_win_64/winavr/bin/../lib/gcc/avr/4.3.3/avr5\libgcc.a(_eq_sf.o)
                                0x195 (size before relaxing)
 .debug_str     0x00000270        0x8 c:/users/dell g3/desktop/amit/apps/sdk_win_64/sdk_win_64/winavr/bin/../lib/gcc/avr/4.3.3/avr5\libgcc.a(_ge_sf.o)
                                0x195 (size before relaxing)
 .debug_str     0x00000278       0x1e c:/users/dell g3/desktop/amit/apps/sdk_win_64/sdk_win_64/winavr/bin/../lib/gcc/avr/4.3.3/avr5\libgcc.a(_si_to_sf.o)
                                0x17b (size before relaxing)
 .debug_str     0x00000296        0xa c:/users/dell g3/desktop/amit/apps/sdk_win_64/sdk_win_64/winavr/bin/../lib/gcc/avr/4.3.3/avr5\libgcc.a(_sf_to_si.o)
                                0x19e (size before relaxing)
 .debug_str     0x00000000      0x103 c:/users/dell g3/desktop/amit/apps/sdk_win_64/sdk_win_64/winavr/bin/../lib/gcc/avr/4.3.3/avr5\libgcc.a(_thenan_sf.o)
 .debug_str     0x000002a0       0x14 c:/users/dell g3/desktop/amit/apps/sdk_win_64/sdk_win_64/winavr/bin/../lib/gcc/avr/4.3.3/avr5\libgcc.a(_usi_to_sf.o)
                                0x177 (size before relaxing)
 .debug_str     0x000002b4       0x20 c:/users/dell g3/desktop/amit/apps/sdk_win_64/sdk_win_64/winavr/bin/../lib/gcc/avr/4.3.3/avr5\libgcc.a(_clzsi2.o)
                                0x111 (size before relaxing)
 .debug_str     0x000002d4       0x10 c:/users/dell g3/desktop/amit/apps/sdk_win_64/sdk_win_64/winavr/bin/../lib/gcc/avr/4.3.3/avr5\libgcc.a(_pack_sf.o)
                                0x19d (size before relaxing)
 .debug_str     0x000002e4        0xb c:/users/dell g3/desktop/amit/apps/sdk_win_64/sdk_win_64/winavr/bin/../lib/gcc/avr/4.3.3/avr5\libgcc.a(_unpack_sf.o)
                                0x17f (size before relaxing)
 .debug_str     0x000002ef       0x10 c:/users/dell g3/desktop/amit/apps/sdk_win_64/sdk_win_64/winavr/bin/../lib/gcc/avr/4.3.3/avr5\libgcc.a(_fpcmp_parts_sf.o)
                                0x163 (size before relaxing)
 .debug_str     0x00000000       0xf4 c:/users/dell g3/desktop/amit/apps/sdk_win_64/sdk_win_64/winavr/bin/../lib/gcc/avr/4.3.3/avr5\libgcc.a(_clz.o)

.debug_loc      0x00000000      0x9de
 *(.debug_loc)
 .debug_loc     0x00000000       0x34 c:/users/dell g3/desktop/amit/apps/sdk_win_64/sdk_win_64/winavr/bin/../lib/gcc/avr/4.3.3/avr5\libgcc.a(_fixunssfsi.o)
 .debug_loc     0x00000034      0x32a c:/users/dell g3/desktop/amit/apps/sdk_win_64/sdk_win_64/winavr/bin/../lib/gcc/avr/4.3.3/avr5\libgcc.a(_addsub_sf.o)
 .debug_loc     0x0000035e      0x104 c:/users/dell g3/desktop/amit/apps/sdk_win_64/sdk_win_64/winavr/bin/../lib/gcc/avr/4.3.3/avr5\libgcc.a(_mul_sf.o)
 .debug_loc     0x00000462       0xc0 c:/users/dell g3/desktop/amit/apps/sdk_win_64/sdk_win_64/winavr/bin/../lib/gcc/avr/4.3.3/avr5\libgcc.a(_div_sf.o)
 .debug_loc     0x00000522       0x3c c:/users/dell g3/desktop/amit/apps/sdk_win_64/sdk_win_64/winavr/bin/../lib/gcc/avr/4.3.3/avr5\libgcc.a(_eq_sf.o)
 .debug_loc     0x0000055e       0x3c c:/users/dell g3/desktop/amit/apps/sdk_win_64/sdk_win_64/winavr/bin/../lib/gcc/avr/4.3.3/avr5\libgcc.a(_ge_sf.o)
 .debug_loc     0x0000059a       0xac c:/users/dell g3/desktop/amit/apps/sdk_win_64/sdk_win_64/winavr/bin/../lib/gcc/avr/4.3.3/avr5\libgcc.a(_si_to_sf.o)
 .debug_loc     0x00000646       0x7e c:/users/dell g3/desktop/amit/apps/sdk_win_64/sdk_win_64/winavr/bin/../lib/gcc/avr/4.3.3/avr5\libgcc.a(_sf_to_si.o)
 .debug_loc     0x000006c4       0x4c c:/users/dell g3/desktop/amit/apps/sdk_win_64/sdk_win_64/winavr/bin/../lib/gcc/avr/4.3.3/avr5\libgcc.a(_usi_to_sf.o)
 .debug_loc     0x00000710       0x94 c:/users/dell g3/desktop/amit/apps/sdk_win_64/sdk_win_64/winavr/bin/../lib/gcc/avr/4.3.3/avr5\libgcc.a(_clzsi2.o)
 .debug_loc     0x000007a4      0x13e c:/users/dell g3/desktop/amit/apps/sdk_win_64/sdk_win_64/winavr/bin/../lib/gcc/avr/4.3.3/avr5\libgcc.a(_pack_sf.o)
 .debug_loc     0x000008e2       0xac c:/users/dell g3/desktop/amit/apps/sdk_win_64/sdk_win_64/winavr/bin/../lib/gcc/avr/4.3.3/avr5\libgcc.a(_unpack_sf.o)
 .debug_loc     0x0000098e       0x50 c:/users/dell g3/desktop/amit/apps/sdk_win_64/sdk_win_64/winavr/bin/../lib/gcc/avr/4.3.3/avr5\libgcc.a(_fpcmp_parts_sf.o)

.debug_macinfo
 *(.debug_macinfo)
OUTPUT(509_GROUP.elf elf32-avr)
LOAD linker stubs

.debug_ranges   0x00000000       0x50
 .debug_ranges  0x00000000       0x50 c:/users/dell g3/desktop/amit/apps/sdk_win_64/sdk_win_64/winavr/bin/../lib/gcc/avr/4.3.3/avr5\libgcc.a(_mul_sf.o)
